[playvora.shop/index.html]
[backblue.gif]
[fade.gif]
[index.html]
[playvora.shop/styles.css]
[cdnjs.cloudflare.com/ajax/libs/jstimezonedetect/1.0.6/jstz.min.js]
[playvora.shop/GET]
[cdnjs.cloudflare.com/ajax/libs/jquery/3.2.1/jquery.min.js]
[playvora.shop/themelist0.html]
[cdnjs.cloudflare.com/ajax/libs/jquery-mobile/1.4.5/jquery.mobile.min.js]
[playvora.shop/img/photo17285711953145979a49acd12.jpg]
[playvora.shop/img/photo1707340984340ea3834bd4fd7.jpg]
[playvora.shop/img/photo16327657433293b257fe779a6.jpg]
[playvora.shop/img/photo1703482771739caef1f39797e.jpg]
[playvora.shop/img/photo16280772224597c7d49ccbfe8.jpg]
[playvora.shop/img/photo17223738644130276a778d2d5.jpg]
[playvora.shop/img/photo1721796665664270df6faf6eb.jpg]
[playvora.shop/themelist1.html]
[playvora.shop/index-2.html]
[playvora.shop/img/photo1542023250582d7cbd0bd774f.jpg]
[playvora.shop/themelist2.html]
[playvora.shop/img/photo17252724630302e21e5d459d2.jpg]
[playvora.shop/themelist3.html]
[playvora.shop/img/photo166715265751530103666082c.jpg]
[playvora.shop/themelist4.html]
[playvora.shop/img/photo15952250730049b0b818a50d6.jpg]
[playvora.shop/themelist5.html]
[playvora.shop/img/photo1643869094397962f806fe3ab.jpg]
[playvora.shop/themelist6.html]
[playvora.shop/img/photo1628867578032f00002d78a6d.jpg]
[playvora.shop/themelist7.html]
[playvora.shop/img/photo1599955050928c15ca465b8e6.jpg]
[playvora.shop/themelist8.html]
[playvora.shop/img/photo156020654809f8fd2741fa.jpg]
[playvora.shop/themelist9.html]
[playvora.shop/img/photo1613391781198de2b1c5b6c50.jpg]
[playvora.shop/themelist10.html]
[playvora.shop/privacy_policy.html]
[playvora.shop/terms_of_use.html]
[playvora.shop/index.html]
[playvora.shop/styles.css]
[playvora.shop/GET.html]
[playvora.shop/themelist0.html]
[playvora.shop/themelist1.html]
[playvora.shop/index-2.html]
[playvora.shop/themelist2.html]
[playvora.shop/themelist3.html]
[playvora.shop/themelist4.html]
[playvora.shop/themelist5.html]
[playvora.shop/themelist6.html]
[playvora.shop/themelist7.html]
[playvora.shop/themelist8.html]
[playvora.shop/themelist9.html]
[playvora.shop/themelist10.html]
[playvora.shop/privacy_policy.html]
[playvora.shop/terms_of_use.html]
[playvora.shop/cookie_policy.html]
[playvora.shop/cookie_policy.html]
